2024-05-07 22:23:36,242 - INFO - Scraping the data of "スイート ミルクコーヒー" of "https://menu.starbucks.co.jp/4524785557147"
2024-05-07 22:23:40,878 - INFO - Successfully retrieved the data of "スイート ミルクコーヒー" of "https://menu.starbucks.co.jp/4524785557147"
2024-05-07 22:23:42,383 - INFO - Scraping the data of "GOHOBI メロン フラペチーノ®" of "https://menu.starbucks.co.jp/4524785557017"
2024-05-07 22:23:54,980 - WARNING - Failed to choose Tall size during processing "GOHOBI メロン フラペチーノ®" of "https://menu.starbucks.co.jp/4524785557017"
2024-05-07 22:23:55,051 - INFO - Successfully retrieved the data of "GOHOBI メロン フラペチーノ®" of "https://menu.starbucks.co.jp/4524785557017"
2024-05-07 22:23:56,396 - INFO - Scraping the data of "もっとGOHOBI メロン フラペチーノ®" of "https://menu.starbucks.co.jp/4524785556799"
2024-05-07 22:24:08,918 - WARNING - Failed to choose Tall size during processing "もっとGOHOBI メロン フラペチーノ®" of "https://menu.starbucks.co.jp/4524785556799"
2024-05-07 22:24:08,988 - INFO - Successfully retrieved the data of "もっとGOHOBI メロン フラペチーノ®" of "https://menu.starbucks.co.jp/4524785556799"
2024-05-07 22:24:11,085 - INFO - Scraping the data of "[5月7日スターバックス® リワード会員先行販売]スターバックス ストロベリー フラペチーノ®" of "https://menu.starbucks.co.jp/4524785461062"
2024-05-07 22:24:23,671 - WARNING - Failed to choose Tall size during processing "[5月7日スターバックス® リワード会員先行販売]スターバックス ストロベリー フラペチーノ®" of "https://menu.starbucks.co.jp/4524785461062"
2024-05-07 22:24:23,744 - INFO - Successfully retrieved the data of "[5月7日スターバックス® リワード会員先行販売]スターバックス ストロベリー フラペチーノ®" of "https://menu.starbucks.co.jp/4524785461062"
2024-05-07 22:24:25,236 - INFO - Scraping the data of "ゆず シトラス & パッション ティー" of "https://menu.starbucks.co.jp/4524785537170"
2024-05-07 22:24:29,600 - INFO - Successfully retrieved the data of "ゆず シトラス & パッション ティー" of "https://menu.starbucks.co.jp/4524785537170"
2024-05-07 22:24:31,040 - INFO - Scraping the data of "抹茶 & クラッシュ ピスタチオミルク ティー ラテ" of "https://menu.starbucks.co.jp/4524785568495"
2024-05-07 22:24:43,613 - WARNING - Failed to choose Tall size during processing "抹茶 & クラッシュ ピスタチオミルク ティー ラテ" of "https://menu.starbucks.co.jp/4524785568495"
2024-05-07 22:24:43,706 - INFO - Successfully retrieved the data of "抹茶 & クラッシュ ピスタチオミルク ティー ラテ" of "https://menu.starbucks.co.jp/4524785568495"
2024-05-07 22:24:45,118 - INFO - Scraping the data of "ブルーベリーレアチーズケーキ" of "https://menu.starbucks.co.jp/4524785562653"
2024-05-07 22:24:57,398 - WARNING - Failed to choose Tall size during processing "ブルーベリーレアチーズケーキ" of "https://menu.starbucks.co.jp/4524785562653"
2024-05-07 22:24:57,465 - INFO - Successfully retrieved the data of "ブルーベリーレアチーズケーキ" of "https://menu.starbucks.co.jp/4524785562653"
2024-05-07 22:24:59,002 - INFO - Scraping the data of "クッキー＆クリームシフォンケーキ" of "https://menu.starbucks.co.jp/4524785470071"
2024-05-07 22:25:11,572 - WARNING - Failed to choose Tall size during processing "クッキー＆クリームシフォンケーキ" of "https://menu.starbucks.co.jp/4524785470071"
2024-05-07 22:25:11,641 - INFO - Successfully retrieved the data of "クッキー＆クリームシフォンケーキ" of "https://menu.starbucks.co.jp/4524785470071"
2024-05-07 22:25:13,100 - INFO - Scraping the data of "マラサダ メロンクリーム" of "https://menu.starbucks.co.jp/4524785561397"
2024-05-07 22:25:25,684 - WARNING - Failed to choose Tall size during processing "マラサダ メロンクリーム" of "https://menu.starbucks.co.jp/4524785561397"
2024-05-07 22:25:25,752 - INFO - Successfully retrieved the data of "マラサダ メロンクリーム" of "https://menu.starbucks.co.jp/4524785561397"
2024-05-07 22:25:27,309 - INFO - Scraping the data of "アールグレイミルククリームドーナツ" of "https://menu.starbucks.co.jp/4524785542624"
2024-05-07 22:25:39,818 - WARNING - Failed to choose Tall size during processing "アールグレイミルククリームドーナツ" of "https://menu.starbucks.co.jp/4524785542624"
2024-05-07 22:25:39,879 - INFO - Successfully retrieved the data of "アールグレイミルククリームドーナツ" of "https://menu.starbucks.co.jp/4524785542624"
2024-05-07 22:25:41,526 - INFO - Scraping the data of "宇治抹茶ホワイトチョコスコーン" of "https://menu.starbucks.co.jp/4524785561342"
2024-05-07 22:25:54,131 - WARNING - Failed to choose Tall size during processing "宇治抹茶ホワイトチョコスコーン" of "https://menu.starbucks.co.jp/4524785561342"
2024-05-07 22:25:54,203 - INFO - Successfully retrieved the data of "宇治抹茶ホワイトチョコスコーン" of "https://menu.starbucks.co.jp/4524785561342"
2024-05-07 22:25:55,718 - INFO - Scraping the data of "もっちりボール チョコ＆ストロベリーチョコ" of "https://menu.starbucks.co.jp/4524785562639"
2024-05-07 22:26:08,278 - WARNING - Failed to choose Tall size during processing "もっちりボール チョコ＆ストロベリーチョコ" of "https://menu.starbucks.co.jp/4524785562639"
2024-05-07 22:26:08,344 - INFO - Successfully retrieved the data of "もっちりボール チョコ＆ストロベリーチョコ" of "https://menu.starbucks.co.jp/4524785562639"
2024-05-07 22:26:10,023 - INFO - Scraping the data of "チョコレートデニッシュ" of "https://menu.starbucks.co.jp/4524785561373"
2024-05-07 22:26:22,641 - WARNING - Failed to choose Tall size during processing "チョコレートデニッシュ" of "https://menu.starbucks.co.jp/4524785561373"
2024-05-07 22:26:22,712 - INFO - Successfully retrieved the data of "チョコレートデニッシュ" of "https://menu.starbucks.co.jp/4524785561373"
2024-05-07 22:26:24,627 - INFO - Scraping the data of "ダブル ハム＆マリボーチーズ 石窯フィローネ" of "https://menu.starbucks.co.jp/4524785561793"
2024-05-07 22:26:37,142 - WARNING - Failed to choose Tall size during processing "ダブル ハム＆マリボーチーズ 石窯フィローネ" of "https://menu.starbucks.co.jp/4524785561793"
2024-05-07 22:26:37,214 - INFO - Successfully retrieved the data of "ダブル ハム＆マリボーチーズ 石窯フィローネ" of "https://menu.starbucks.co.jp/4524785561793"
2024-05-07 22:26:38,666 - INFO - Scraping the data of "チキンアラビアータ 石窯フィローネ" of "https://menu.starbucks.co.jp/4524785563711"
2024-05-07 22:26:51,223 - WARNING - Failed to choose Tall size during processing "チキンアラビアータ 石窯フィローネ" of "https://menu.starbucks.co.jp/4524785563711"
2024-05-07 22:26:51,297 - INFO - Successfully retrieved the data of "チキンアラビアータ 石窯フィローネ" of "https://menu.starbucks.co.jp/4524785563711"
2024-05-07 22:26:52,868 - INFO - Scraping the data of "えびアボカド 石窯カンパーニュ" of "https://menu.starbucks.co.jp/4524785542631"
2024-05-07 22:27:05,429 - WARNING - Failed to choose Tall size during processing "えびアボカド 石窯カンパーニュ" of "https://menu.starbucks.co.jp/4524785542631"
2024-05-07 22:27:05,502 - INFO - Successfully retrieved the data of "えびアボカド 石窯カンパーニュ" of "https://menu.starbucks.co.jp/4524785542631"
2024-05-07 22:27:07,305 - INFO - Scraping the data of "えびとブロッコリー サラダラップ" of "https://menu.starbucks.co.jp/4524785537385"
2024-05-07 22:27:19,806 - WARNING - Failed to choose Tall size during processing "えびとブロッコリー サラダラップ" of "https://menu.starbucks.co.jp/4524785537385"
2024-05-07 22:27:19,884 - INFO - Successfully retrieved the data of "えびとブロッコリー サラダラップ" of "https://menu.starbucks.co.jp/4524785537385"
